
> reposense@1.0.0 compile
> tsc -p ./

src/test/suite/services/RemediationAgent.test.ts(27,13): error TS2322: Type '"playwright"' is not assignable to type 'TestFramework'.
src/test/suite/services/RemediationAgent.test.ts(34,39): error TS2353: Object literal may only specify known properties, and 'passedTests' does not exist in type '{ totalTests: number; passed: number; failed: number; skipped: number; }'.
src/test/suite/services/RemediationAgent.test.ts(40,71): error TS2322: Type '"service"' is not assignable to type 'NodeType'.
src/test/suite/utils/CircuitBreaker.test.ts(2,46): error TS2307: Cannot find module '../../utils/CircuitBreaker' or its corresponding type declarations.
