
> reposense@1.0.0 compile
> tsc -p ./

src/extension.ts(549,17): error TS2345: Argument of type 'GapItem[]' is not assignable to parameter of type 'RunGraph'.
  Type 'GapItem[]' is missing the following properties from type 'RunGraph': runId, timestamp, repositoryRoot, nodes, and 2 more.
src/services/ChatBotService.ts(366,45): error TS2345: Argument of type 'GapItem | undefined' is not assignable to parameter of type 'GapItem'.
  Type 'undefined' is not assignable to type 'GapItem'.
src/services/run/ArtifactReader.ts(90,12): error TS2352: Conversion of type 'Promise<Record<string, unknown>>' to type 'Promise<Graph>' may be a mistake because neither type sufficiently overlaps with the other. If this was intentional, convert the expression to 'unknown' first.
  Type 'Record<string, unknown>' is missing the following properties from type 'Graph': nodes, edges
src/services/run/ArtifactReader.ts(99,12): error TS2352: Conversion of type 'Promise<Record<string, unknown>>' to type 'Promise<Report>' may be a mistake because neither type sufficiently overlaps with the other. If this was intentional, convert the expression to 'unknown' first.
  Type 'Record<string, unknown>' is missing the following properties from type 'Report': statistics, severity, recommendations
src/services/run/ArtifactReader.ts(107,12): error TS2352: Conversion of type 'Promise<Record<string, unknown>>' to type 'Promise<DiagramsIndex>' may be a mistake because neither type sufficiently overlaps with the other. If this was intentional, convert the expression to 'unknown' first.
  Type 'Record<string, unknown>' is missing the following properties from type 'DiagramsIndex': generated, diagrams
src/services/run/ArtifactReader.ts(135,14): error TS2352: Conversion of type 'Promise<Record<string, unknown>>' to type 'Promise<Delta>' may be a mistake because neither type sufficiently overlaps with the other. If this was intentional, convert the expression to 'unknown' first.
  Type 'Record<string, unknown>' is missing the following properties from type 'Delta': runIdFrom, runIdTo, timestamp, trend, statistics
src/services/RunGraphBuilder.ts(57,31): error TS2345: Argument of type 'number | undefined' is not assignable to parameter of type '{ file: string; line: number; caller: string; targetPath: string; targetMethod: string; count: number; }[]'.
  Type 'undefined' is not assignable to type '{ file: string; line: number; caller: string; targetPath: string; targetMethod: string; count: number; }[]'.
src/services/RunGraphBuilder.ts(107,46): error TS2345: Argument of type 'string | undefined' is not assignable to parameter of type 'string'.
  Type 'undefined' is not assignable to type 'string'.
src/services/RunGraphBuilder.ts(110,11): error TS2322: Type 'string | undefined' is not assignable to type 'string'.
  Type 'undefined' is not assignable to type 'string'.
src/services/RunGraphBuilder.ts(205,22): error TS2339: Property 'file' does not exist on type 'TestCase'.
src/services/RunGraphBuilder.ts(206,22): error TS2339: Property 'line' does not exist on type 'TestCase'.
src/services/RunGraphBuilder.ts(208,29): error TS2339: Property 'framework' does not exist on type 'TestCase'.
src/services/RunGraphBuilder.ts(210,24): error TS2339: Property 'tags' does not exist on type 'TestCase'.
src/services/RunGraphBuilder.ts(213,31): error TS2339: Property 'framework' does not exist on type 'TestCase'.
src/services/RunGraphBuilder.ts(226,30): error TS2339: Property 'confidence' does not exist on type 'TestCase'.
src/services/RunGraphBuilder.ts(342,30): error TS2339: Property 'some' does not exist on type 'MapIterator<GraphEdge>'.
src/services/RunGraphBuilder.ts(342,35): error TS7006: Parameter 'e' implicitly has an 'any' type.
src/services/RunOrchestrator.ts(289,17): error TS2554: Expected 1 arguments, but got 3.
src/services/RunOrchestrator.ts(293,26): error TS2554: Expected 2 arguments, but got 1.
src/services/RunOrchestrator.ts(295,32): error TS2345: Argument of type '"artifacts:persisted"' is not assignable to parameter of type 'RunEventType'.
src/test/integration/sprints-1-3.integration.test.ts(6,61): error TS2307: Cannot find module '@jest/globals' or its corresponding type declarations.
src/test/integration/sprints-1-3.integration.test.ts(9,53): error TS2307: Cannot find module '../services/RunRepository' or its corresponding type declarations.
src/test/integration/sprints-1-3.integration.test.ts(10,48): error TS2307: Cannot find module '../services/RunGraphBuilder' or its corresponding type declarations.
src/test/integration/sprints-1-3.integration.test.ts(11,47): error TS2307: Cannot find module '../services/ReportGenerator' or its corresponding type declarations.
src/test/integration/sprints-1-3.integration.test.ts(231,49): error TS7006: Parameter 'n' implicitly has an 'any' type.
src/test/integration/sprints-1-3.integration.test.ts(234,34): error TS7006: Parameter 'n' implicitly has an 'any' type.
src/test/integration/sprints-1-3.integration.test.ts(235,34): error TS7006: Parameter 'n' implicitly has an 'any' type.
src/test/integration/sprints-1-3.integration.test.ts(245,46): error TS7006: Parameter 'n' implicitly has an 'any' type.
src/test/integration/sprints-1-3.integration.test.ts(246,46): error TS7006: Parameter 'n' implicitly has an 'any' type.
src/test/integration/sprints-1-3.integration.test.ts(251,35): error TS7006: Parameter 'n' implicitly has an 'any' type.
src/test/integration/sprints-1-3.integration.test.ts(252,35): error TS7006: Parameter 'n' implicitly has an 'any' type.
src/test/integration/sprints-1-3.integration.test.ts(254,21): error TS7006: Parameter 'id' implicitly has an 'any' type.
src/test/integration/sprints-1-3.integration.test.ts(254,25): error TS7006: Parameter 'index' implicitly has an 'any' type.
src/test/integration/sprints-1-3.integration.test.ts(263,45): error TS7006: Parameter 'e' implicitly has an 'any' type.
