node.exe : 
At C:\Program Files\n
odejs\npx.ps1:29 
char:3
+   & $NODE_EXE 
$NPX_CLI_JS $args
+   ~~~~~~~~~~~~~~~~~
~~~~~~~~~~~~
    + CategoryInfo   
           : NotSpe  
  cified: (:String   
 ) [], RemoteExce    
ption
    + FullyQualified 
   ErrorId : Native  
  CommandError
 
 Exception during 
run: Error: Cannot 
find module 'vscode'
Require stack:
- C:\Corporate\ReproS
ense\src\utils\Logger
.js
- C:\Corporate\ReproS
ense\src\services\sca
ling\DistributedWorke
r.js
- C:\Corporate\ReproS
ense\src\test\suite\s
ervices\DistributedWo
rker.test.ts
- C:\Corporate\ReproS
ense\node_modules\moc
ha\lib\nodejs\esm-uti
ls.js
- C:\Corporate\ReproS
ense\node_modules\moc
ha\lib\mocha.js
- C:\Corporate\ReproS
ense\node_modules\moc
ha\lib\cli\one-and-do
nes.js
- C:\Corporate\ReproS
ense\node_modules\moc
ha\lib\cli\options.js
- C:\Corporate\ReproS
ense\node_modules\moc
ha\bin\mocha.js
    at 
Function.<anonymous> 
(node:internal/module
s/cjs/loader:1225:15)
    at Function.Modul
e._resolveFilename.sh
aredData.moduleResolv
eFilenameHook.install
edValue [as 
_resolveFilename] (C:
\Corporate\ReproSense
\node_modules\@cspotc
ode\source-map-suppor
t\source-map-support.
js:811:30)
    at 
Function._load (node:
internal/modules/cjs/
loader:1055:27)
    at TracingChannel
.traceSync (node:diag
nostics_channel:322:1
4)
    at 
wrapModuleLoad (node:
internal/modules/cjs/
loader:220:24)
    at 
Module.require (node:
internal/modules/cjs/
loader:1311:12)
    at require (node:
internal/modules/help
ers:136:16)
    at 
Object.<anonymous> (C
:\Corporate\ReproSens
e\src\utils\Logger.js
:37:29)
    at 
Module._compile (node
:internal/modules/cjs
/loader:1554:14)
    at node:internal/
modules/cjs/loader:17
06:10
    at Object.require
.extensions.<computed
> [as .js] (C:\Corpor
ate\ReproSense\node_m
odules\ts-node\src\in
dex.ts:1608:43)
    at Module.load (n
ode:internal/modules/
cjs/loader:1289:32)
    at 
Function._load (node:
internal/modules/cjs/
loader:1108:12)
    at TracingChannel
.traceSync (node:diag
nostics_channel:322:1
4)
    at 
wrapModuleLoad (node:
internal/modules/cjs/
loader:220:24)
    at 
Module.require (node:
internal/modules/cjs/
loader:1311:12)
    at require (node:
internal/modules/help
ers:136:16)
    at 
Object.<anonymous> (C
:\Corporate\ReproSens
e\src\services\scalin
g\DistributedWorker.j
s:5:18)
    at 
Module._compile (node
:internal/modules/cjs
/loader:1554:14)
    at node:internal/
modules/cjs/loader:17
06:10
    at Object.require
.extensions.<computed
> [as .js] (C:\Corpor
ate\ReproSense\node_m
odules\ts-node\src\in
dex.ts:1608:43)
    at Module.load (n
ode:internal/modules/
cjs/loader:1289:32)
    at 
Function._load (node:
internal/modules/cjs/
loader:1108:12)
    at TracingChannel
.traceSync (node:diag
nostics_channel:322:1
4)
    at 
wrapModuleLoad (node:
internal/modules/cjs/
loader:220:24)
    at 
Module.require (node:
internal/modules/cjs/
loader:1311:12)
    at require (node:
internal/modules/help
ers:136:16)
    at 
Object.<anonymous> (C
:\Corporate\ReproSens
e\src\test\suite\serv
ices\DistributedWorke
r.test.ts:3:1)
    at 
Module._compile (node
:internal/modules/cjs
/loader:1554:14)
    at 
Module.m._compile (C:
\Corporate\ReproSense
\node_modules\ts-node
\src\index.ts:1618:23
)
    at node:internal/
modules/cjs/loader:17
06:10
    at Object.require
.extensions.<computed
> [as .ts] (C:\Corpor
ate\ReproSense\node_m
odules\ts-node\src\in
dex.ts:1621:12)
    at Module.load (n
ode:internal/modules/
cjs/loader:1289:32)
    at 
Function._load (node:
internal/modules/cjs/
loader:1108:12)
    at TracingChannel
.traceSync (node:diag
nostics_channel:322:1
4)
    at 
wrapModuleLoad (node:
internal/modules/cjs/
loader:220:24)
    at 
Module.require (node:
internal/modules/cjs/
loader:1311:12)
    at require (node:
internal/modules/help
ers:136:16)
    at 
Object.requireModule 
[as requireOrImport] 
(C:\Corporate\ReproSe
nse\node_modules\moch
a\lib\nodejs\esm-util
s.js:98:12)
    at Object.exports
.loadFilesAsync (C:\C
orporate\ReproSense\n
ode_modules\mocha\lib
\nodejs\esm-utils.js:
152:34)
    at 
Mocha.loadFilesAsync 
(C:\Corporate\ReproSe
nse\node_modules\moch
a\lib\mocha.js:429:19
)
    at singleRun (C:\
Corporate\ReproSense\
node_modules\mocha\li
b\cli\run-helpers.js:
168:15)
    at 
exports.runMocha (C:\
Corporate\ReproSense\
node_modules\mocha\li
b\cli\run-helpers.js:
245:10)
    at Object.exports
.handler (C:\Corporat
e\ReproSense\node_mod
ules\mocha\lib\cli\ru
n.js:379:11)
    at C:\Corporate\R
eproSense\node_module
s\yargs\build\index.c
js:1:8993
    at C:\Corporate\R
eproSense\node_module
s\yargs\build\index.c
js:1:4949 {
  code: 
'MODULE_NOT_FOUND',
  requireStack: [
    'C:\\Corporate\\R
eproSense\\src\\utils
\\Logger.js',
    'C:\\Corporate\\R
eproSense\\src\\servi
ces\\scaling\\Distrib
utedWorker.js',
    'C:\\Corporate\\R
eproSense\\src\\test\
\suite\\services\\Dis
tributedWorker.test.t
s',
    'C:\\Corporate\\R
eproSense\\node_modul
es\\mocha\\lib\\nodej
s\\esm-utils.js',
    'C:\\Corporate\\R
eproSense\\node_modul
es\\mocha\\lib\\mocha
.js',
    'C:\\Corporate\\R
eproSense\\node_modul
es\\mocha\\lib\\cli\\
one-and-dones.js',
    'C:\\Corporate\\R
eproSense\\node_modul
es\\mocha\\lib\\cli\\
options.js',
    'C:\\Corporate\\R
eproSense\\node_modul
es\\mocha\\bin\\mocha
.js'
  ]
}
