
> reposense@1.0.0 pretest
> npm run compile && npm run lint


> reposense@1.0.0 compile
> tsc -p ./


> reposense@1.0.0 lint
> eslint src --ext ts


C:\Corporate\ReproSense\src\cli\CLIEngine.ts
   26:10  error  Unexpected any. Specify a different type  @typescript-eslint/no-explicit-any
   57:19  error  Unexpected any. Specify a different type  @typescript-eslint/no-explicit-any
  138:19  error  Unexpected any. Specify a different type  @typescript-eslint/no-explicit-any
  184:19  error  Unexpected any. Specify a different type  @typescript-eslint/no-explicit-any
  190:30  error  Unexpected any. Specify a different type  @typescript-eslint/no-explicit-any
  199:41  error  Unexpected any. Specify a different type  @typescript-eslint/no-explicit-any
  200:37  error  Unexpected any. Specify a different type  @typescript-eslint/no-explicit-any
  201:39  error  Unexpected any. Specify a different type  @typescript-eslint/no-explicit-any
  202:36  error  Unexpected any. Specify a different type  @typescript-eslint/no-explicit-any
  267:48  error  Unexpected any. Specify a different type  @typescript-eslint/no-explicit-any
  289:38  error  Unexpected any. Specify a different type  @typescript-eslint/no-explicit-any
  319:53  error  Unexpected any. Specify a different type  @typescript-eslint/no-explicit-any
  342:25  error  Unexpected any. Specify a different type  @typescript-eslint/no-explicit-any

C:\Corporate\ReproSense\src\extension.ts
    39:53  error    Unexpected any. Specify a different type            @typescript-eslint/no-explicit-any
    49:5   error    'errorHandler' is assigned a value but never used   @typescript-eslint/no-unused-vars
    54:5   error    'scanDebouncer' is assigned a value but never used  @typescript-eslint/no-unused-vars
   215:31  error    Unexpected any. Specify a different type            @typescript-eslint/no-explicit-any
   308:38  error    'token' is defined but never used                   @typescript-eslint/no-unused-vars
   312:86  error    Unexpected any. Specify a different type            @typescript-eslint/no-explicit-any
   316:35  error    Unexpected any. Specify a different type            @typescript-eslint/no-explicit-any
   319:86  error    Unexpected any. Specify a different type            @typescript-eslint/no-explicit-any
   336:88  error    Unexpected any. Specify a different type            @typescript-eslint/no-explicit-any
   346:86  error    Unexpected any. Specify a different type            @typescript-eslint/no-explicit-any
   357:87  error    Unexpected any. Specify a different type            @typescript-eslint/no-explicit-any
   367:87  error    Unexpected any. Specify a different type            @typescript-eslint/no-explicit-any
   411:82  error    Unexpected any. Specify a different type            @typescript-eslint/no-explicit-any
   426:41  error    Unexpected any. Specify a different type            @typescript-eslint/no-explicit-any
   427:84  error    Unexpected any. Specify a different type            @typescript-eslint/no-explicit-any
   434:29  error    Unexpected any. Specify a different type            @typescript-eslint/no-explicit-any
   669:16  error    Unexpected any. Specify a different type            @typescript-eslint/no-explicit-any
   691:16  error    Unexpected any. Specify a different type            @typescript-eslint/no-explicit-any
   704:16  error    Unexpected any. Specify a different type            @typescript-eslint/no-explicit-any
   715:16  error    Unexpected any. Specify a different type            @typescript-eslint/no-explicit-any
   727:15  error    Unexpected any. Specify a different type            @typescript-eslint/no-explicit-any
   739:15  error    Unexpected any. Specify a different type            @typescript-eslint/no-explicit-any
   749:28  error    'file' is defined but never used                    @typescript-eslint/no-unused-vars
   749:42  error    'line' is defined but never used                    @typescript-eslint/no-unused-vars
   769:40  error    'file' is defined but never used                    @typescript-eslint/no-unused-vars
   769:54  error    'line' is defined but never used                    @typescript-eslint/no-unused-vars
   790:10  error    'gap' is defined but never used                     @typescript-eslint/no-unused-vars
   790:15  error    Unexpected any. Specify a different type            @typescript-eslint/no-explicit-any
   800:15  error    Unexpected any. Specify a different type            @typescript-eslint/no-explicit-any
   810:15  error    Unexpected any. Specify a different type            @typescript-eslint/no-explicit-any
   892:26  warning  Expected { after 'if' condition                     curly
   991:19  error    'currentModel' is assigned a value but never used   @typescript-eslint/no-unused-vars
   999:28  warning  Expected { after 'if' condition                     curly
  1155:25  warning  Expected { after 'if' condition                     curly
  1166:31  warning  Expected { after 'if' condition                     curly
  1347:16  error    'gapId' is defined but never used                   @typescript-eslint/no-unused-vars
  1378:16  error    'previewId' is defined but never used               @typescript-eslint/no-unused-vars
  1647:11  error    Unexpected any. Specify a different type            @typescript-eslint/no-explicit-any
  1648:16  error    Unexpected any. Specify a different type            @typescript-eslint/no-explicit-any
  1649:23  error    Unexpected any. Specify a different type            @typescript-eslint/no-explicit-any
  1680:23  error    Unexpected any. Specify a different type            @typescript-eslint/no-explicit-any
  1680:33  error    Unexpected any. Specify a different type            @typescript-eslint/no-explicit-any
  1692:15  error    Unexpected any. Specify a different type            @typescript-eslint/no-explicit-any
  1692:23  error    Unexpected any. Specify a different type            @typescript-eslint/no-explicit-any
  1695:15  error    Unexpected any. Specify a different type            @typescript-eslint/no-explicit-any
  1707:18  error    Unexpected any. Specify a different type            @typescript-eslint/no-explicit-any

C:\Corporate\ReproSense\src\models\ChatBot.ts
   59:33  error  Unexpected any. Specify a different type  @typescript-eslint/no-explicit-any
   80:33  error  Unexpected any. Specify a different type  @typescript-eslint/no-explicit-any
   94:26  error  Unexpected any. Specify a different type  @typescript-eslint/no-explicit-any
  155:12  error  Unexpected any. Specify a different type  @typescript-eslint/no-explicit-any
  268:32  error  Unexpected any. Specify a different type  @typescript-eslint/no-explicit-any
  320:15  error  Unexpected any. Specify a different type  @typescript-eslint/no-explicit-any

C:\Corporate\ReproSense\src\models\RunOrchestrator.ts
   29:30  error  Unexpected any. Specify a different type  @typescript-eslint/no-explicit-any
  351:18  error  Unexpected any. Specify a different type  @typescript-eslint/no-explicit-any
  359:15  error  Unexpected any. Specify a different type  @typescript-eslint/no-explicit-any
  387:30  error  Unexpected any. Specify a different type  @typescript-eslint/no-explicit-any
  419:11  error  Unexpected any. Specify a different type  @typescript-eslint/no-explicit-any
  425:51  error  Unexpected any. Specify a different type  @typescript-eslint/no-explicit-any

C:\Corporate\ReproSense\src\models\StorageModels.ts
  587:11  error  Unexpected any. Specify a different type  @typescript-eslint/no-explicit-any
  597:14  error  Unexpected any. Specify a different type  @typescript-eslint/no-explicit-any

C:\Corporate\ReproSense\src\providers\ConsentProvider.ts
  19:10  error  'ErrorFactory' is defined but never used  @typescript-eslint/no-unused-vars

C:\Corporate\ReproSense\src\providers\GapAnalysisProvider.refactored.ts
  10:26  error  'Graph' is defined but never used         @typescript-eslint/no-unused-vars
  80:46  error  Unexpected any. Specify a different type  @typescript-eslint/no-explicit-any

C:\Corporate\ReproSense\src\providers\GapAnalysisProvider.ts
  171:40  warning  Expected { after 'if' condition  curly
  172:38  warning  Expected { after 'if' condition  curly
  173:42  warning  Expected { after 'if' condition  curly

C:\Corporate\ReproSense\src\providers\OrgDashboardProvider.ts
   11:21  error    Unexpected any. Specify a different type        @typescript-eslint/no-explicit-any
   17:5   error    'context' is defined but never used             @typescript-eslint/no-unused-vars
   18:5   error    'token' is defined but never used               @typescript-eslint/no-unused-vars
   43:18  error    Require statement not part of import statement  @typescript-eslint/no-var-requires
   44:20  error    Require statement not part of import statement  @typescript-eslint/no-var-requires
   47:27  warning  Expected { after 'if' condition                 curly
   81:39  warning  Expected { after 'if' condition                 curly
  103:25  warning  Expected { after 'if' condition                 curly
  108:65  error    Unexpected any. Specify a different type        @typescript-eslint/no-explicit-any
  113:16  error    Unexpected any. Specify a different type        @typescript-eslint/no-explicit-any
  127:51  error    Unexpected any. Specify a different type        @typescript-eslint/no-explicit-any
  128:49  error    Unexpected any. Specify a different type        @typescript-eslint/no-explicit-any
  129:52  error    Unexpected any. Specify a different type        @typescript-eslint/no-explicit-any
  136:34  error    Unexpected any. Specify a different type        @typescript-eslint/no-explicit-any
  140:19  error    Unexpected any. Specify a different type        @typescript-eslint/no-explicit-any
  142:16  error    Unexpected any. Specify a different type        @typescript-eslint/no-explicit-any

C:\Corporate\ReproSense\src\providers\RepoSenseCodeActionProvider.ts
  15:9  error  'token' is defined but never used  @typescript-eslint/no-unused-vars

C:\Corporate\ReproSense\src\providers\RepoSenseCodeLensProvider.ts
  25:9  error  'token' is defined but never used  @typescript-eslint/no-unused-vars
  76:9  error  'token' is defined but never used  @typescript-eslint/no-unused-vars

C:\Corporate\ReproSense\src\providers\ReportPanel.ts
   13:13  error  'path' is defined but never used          @typescript-eslint/no-unused-vars
  146:42  error  Unexpected any. Specify a different type  @typescript-eslint/no-explicit-any
  189:27  error  'gapId' is defined but never used         @typescript-eslint/no-unused-vars
  196:30  error  'webview' is defined but never used       @typescript-eslint/no-unused-vars

C:\Corporate\ReproSense\src\providers\TestCaseProvider.ts
  115:29  warning  Expected { after 'if' condition  curly
  116:35  warning  Expected { after 'if' condition  curly
  117:35  warning  Expected { after 'if' condition  curly
  118:34  warning  Expected { after 'if' condition  curly

C:\Corporate\ReproSense\src\server\analysis\AnalysisEngine.ts
    8:21  error  'OrchestrationGapItem' is defined but never used  @typescript-eslint/no-unused-vars
    8:43  error  'GapType' is defined but never used               @typescript-eslint/no-unused-vars
    8:52  error  'GapSeverity' is defined but never used           @typescript-eslint/no-unused-vars
    8:65  error  'AnalysisArtifact' is defined but never used      @typescript-eslint/no-unused-vars
  239:9   error  'apiCalls' is defined but never used              @typescript-eslint/no-unused-vars
  239:19  error  Unexpected any. Specify a different type          @typescript-eslint/no-explicit-any
  240:9   error  'endpoints' is defined but never used             @typescript-eslint/no-unused-vars
  240:20  error  Unexpected any. Specify a different type          @typescript-eslint/no-explicit-any
  241:9   error  'workspaceRoot' is defined but never used         @typescript-eslint/no-unused-vars

C:\Corporate\ReproSense\src\server\server.ts
  22:26  error  'params' is defined but never used        @typescript-eslint/no-unused-vars
  50:81  error  Unexpected any. Specify a different type  @typescript-eslint/no-explicit-any
  53:21  error  Unexpected any. Specify a different type  @typescript-eslint/no-explicit-any
  86:81  error  Unexpected any. Specify a different type  @typescript-eslint/no-explicit-any
  88:21  error  Unexpected any. Specify a different type  @typescript-eslint/no-explicit-any

C:\Corporate\ReproSense\src\services\ArtifactStore.ts
   41:5   error    'ExecutionArtifact' is defined but never used  @typescript-eslint/no-unused-vars
  108:40  error    Unexpected any. Specify a different type       @typescript-eslint/no-explicit-any
  275:52  error    Unexpected any. Specify a different type       @typescript-eslint/no-explicit-any
  277:26  error    Unexpected any. Specify a different type       @typescript-eslint/no-explicit-any
  280:38  warning  Expected { after 'if' condition                curly
  339:38  warning  Expected { after 'if' condition                curly
  345:39  warning  Expected { after 'if' condition                curly
  374:60  error    Unexpected any. Specify a different type       @typescript-eslint/no-explicit-any
  384:75  error    Unexpected any. Specify a different type       @typescript-eslint/no-explicit-any
  397:41  warning  Expected { after 'if' condition                curly
  398:39  warning  Expected { after 'if' condition                curly
  399:41  warning  Expected { after 'if' condition                curly
  400:40  warning  Expected { after 'if' condition                curly
  401:41  warning  Expected { after 'if' condition                curly
  402:40  warning  Expected { after 'if' condition                curly
  403:68  warning  Expected { after 'if' condition                curly

C:\Corporate\ReproSense\src\services\ChatBotService.ts
   17:5    error    'ChatMessageRole' is defined but never used                  @typescript-eslint/no-unused-vars
   26:5    error    'ContextualInvocationSource' is defined but never used       @typescript-eslint/no-unused-vars
   27:5    error    'PreSeededChat' is defined but never used                    @typescript-eslint/no-unused-vars
   29:5    error    'INTENT_TO_CONFIRMATION_REQUIRED' is defined but never used  @typescript-eslint/no-unused-vars
   43:33   error    Unexpected any. Specify a different type                     @typescript-eslint/no-explicit-any
  272:37   error    'context' is defined but never used                          @typescript-eslint/no-unused-vars
  386:42   error    'context' is defined but never used                          @typescript-eslint/no-unused-vars
  397:23   error    Unexpected any. Specify a different type                     @typescript-eslint/no-explicit-any
  397:31   error    Unexpected any. Specify a different type                     @typescript-eslint/no-explicit-any
  399:22   error    Unexpected any. Specify a different type                     @typescript-eslint/no-explicit-any
  418:38   error    'context' is defined but never used                          @typescript-eslint/no-unused-vars
  428:47   error    Unexpected any. Specify a different type                     @typescript-eslint/no-explicit-any
  429:43   error    Unexpected any. Specify a different type                     @typescript-eslint/no-explicit-any
  454:40   error    'context' is defined but never used                          @typescript-eslint/no-unused-vars
  459:17   error    'gaps' is assigned a value but never used                    @typescript-eslint/no-unused-vars
  490:39   error    'context' is defined but never used                          @typescript-eslint/no-unused-vars
  498:139  error    Unexpected any. Specify a different type                     @typescript-eslint/no-explicit-any
  498:230  error    Unexpected any. Specify a different type                     @typescript-eslint/no-explicit-any
  523:44   error    'context' is defined but never used                          @typescript-eslint/no-unused-vars
  531:34   error    'context' is defined but never used                          @typescript-eslint/no-unused-vars
  550:34   error    'context' is defined but never used                          @typescript-eslint/no-unused-vars
  565:47   error    'context' is defined but never used                          @typescript-eslint/no-unused-vars
  584:48   error    'context' is defined but never used                          @typescript-eslint/no-unused-vars
  603:40   error    'context' is defined but never used                          @typescript-eslint/no-unused-vars
  652:22   warning  Expected { after 'if' condition                              curly
  661:22   warning  Expected { after 'if' condition                              curly
  690:25   error    Unexpected any. Specify a different type                     @typescript-eslint/no-explicit-any
  699:31   error    'context' is defined but never used                          @typescript-eslint/no-unused-vars
  699:53   error    'intent' is defined but never used                           @typescript-eslint/no-unused-vars
  715:28   error    'threadId' is defined but never used                         @typescript-eslint/no-unused-vars
  735:42   error    Unexpected any. Specify a different type                     @typescript-eslint/no-explicit-any
  747:39   warning  Expected { after 'if' condition                              curly
  748:54   error    Unexpected any. Specify a different type                     @typescript-eslint/no-explicit-any

C:\Corporate\ReproSense\src\services\ChatBotServiceNew.ts
   21:12  error    Unexpected any. Specify a different type  @typescript-eslint/no-explicit-any
  113:16  warning  Expected { after 'if' condition           curly
  217:25  error    'message' is defined but never used       @typescript-eslint/no-unused-vars

C:\Corporate\ReproSense\src\services\DiagramGenerator.ts
   17:3   error    'GraphEdge' is defined but never used               @typescript-eslint/no-unused-vars
  226:15  error    'endpointLabel' is assigned a value but never used  @typescript-eslint/no-unused-vars
  280:35  warning  Expected { after 'if' condition                     curly
  295:15  error    'isTested' is assigned a value but never used       @typescript-eslint/no-unused-vars
  368:33  warning  Expected { after 'if' condition                     curly

C:\Corporate\ReproSense\src\services\DiagramGeneratorNew.ts
   19:29  error    Unexpected any. Specify a different type        @typescript-eslint/no-explicit-any
   56:22  error    Unexpected any. Specify a different type        @typescript-eslint/no-explicit-any
   59:41  error    Unexpected any. Specify a different type        @typescript-eslint/no-explicit-any
   69:32  warning  Expected { after 'if' condition                 curly
   87:56  error    Unexpected any. Specify a different type        @typescript-eslint/no-explicit-any
   93:23  warning  Expected { after 'if' condition                 curly
  107:7   error    'callCount' is assigned a value but never used  @typescript-eslint/no-unused-vars
  129:20  error    Unexpected any. Specify a different type        @typescript-eslint/no-explicit-any
  165:56  error    Unexpected any. Specify a different type        @typescript-eslint/no-explicit-any
  166:51  error    Unexpected any. Specify a different type        @typescript-eslint/no-explicit-any
  173:20  warning  Expected { after 'if' condition                 curly
  183:36  error    Unexpected any. Specify a different type        @typescript-eslint/no-explicit-any
  184:19  warning  Expected { after 'if' condition                 curly
  195:13  error    'safeName' is assigned a value but never used   @typescript-eslint/no-unused-vars
  199:27  warning  Expected { after 'if' condition                 curly
  200:32  warning  Expected { after 'if' condition                 curly
  290:34  warning  Expected { after 'if' condition                 curly

C:\Corporate\ReproSense\src\services\EvidenceDiscoveryService.ts
   87:15  warning  Expected { after 'if' condition                 curly
   99:28  error    Unexpected any. Specify a different type        @typescript-eslint/no-explicit-any
  141:7   error    'totalSize' is assigned a value but never used  @typescript-eslint/no-unused-vars
  180:15  warning  Expected { after 'if' condition                 curly
  198:15  error    Unexpected any. Specify a different type        @typescript-eslint/no-explicit-any
  204:15  warning  Expected { after 'if' condition                 curly
  208:23  warning  Expected { after 'if' condition                 curly
  270:11  error    'index' is assigned a value but never used      @typescript-eslint/no-unused-vars

C:\Corporate\ReproSense\src\services\EvidenceServiceNew.ts
  155:41  warning  Expected { after 'if' condition  curly
  168:24  warning  Expected { after 'if' condition  curly
  169:19  warning  Expected { after 'if' condition  curly
  170:18  warning  Expected { after 'if' condition  curly

C:\Corporate\ReproSense\src\services\PerformanceOptimizerNew.ts
    9:10  error    Unexpected any. Specify a different type               @typescript-eslint/no-explicit-any
   74:18  error    Unexpected any. Specify a different type               @typescript-eslint/no-explicit-any
   91:47  error    Unexpected any. Specify a different type               @typescript-eslint/no-explicit-any
  118:58  error    Unexpected any. Specify a different type               @typescript-eslint/no-explicit-any
  119:21  error    Unexpected any. Specify a different type               @typescript-eslint/no-explicit-any
  121:11  error    'preloadThreshold' is assigned a value but never used  @typescript-eslint/no-unused-vars
  125:40  error    Unexpected any. Specify a different type               @typescript-eslint/no-explicit-any
  168:55  error    Unexpected any. Specify a different type               @typescript-eslint/no-explicit-any
  169:31  error    Unexpected any. Specify a different type               @typescript-eslint/no-explicit-any
  170:14  error    Unexpected any. Specify a different type               @typescript-eslint/no-explicit-any
  172:20  error    Unexpected any. Specify a different type               @typescript-eslint/no-explicit-any
  175:43  error    Unexpected any. Specify a different type               @typescript-eslint/no-explicit-any
  176:22  error    Unexpected any. Specify a different type               @typescript-eslint/no-explicit-any
  231:61  error    Unexpected any. Specify a different type               @typescript-eslint/no-explicit-any
  232:14  error    Unexpected any. Specify a different type               @typescript-eslint/no-explicit-any
  238:21  warning  Expected { after 'if' condition                        curly
  254:16  error    Unexpected any. Specify a different type               @typescript-eslint/no-explicit-any
  256:6   error    Unexpected any. Specify a different type               @typescript-eslint/no-explicit-any
  371:43  error    Unexpected any. Specify a different type               @typescript-eslint/no-explicit-any
  371:49  error    Unexpected any. Specify a different type               @typescript-eslint/no-explicit-any
  381:35  error    Unexpected any. Specify a different type               @typescript-eslint/no-explicit-any
  392:45  error    Unexpected any. Specify a different type               @typescript-eslint/no-explicit-any
  394:20  error    Unexpected any. Specify a different type               @typescript-eslint/no-explicit-any
  395:16  error    Unexpected any. Specify a different type               @typescript-eslint/no-explicit-any
  398:47  error    Unexpected any. Specify a different type               @typescript-eslint/no-explicit-any
  400:20  error    Unexpected any. Specify a different type               @typescript-eslint/no-explicit-any
  401:16  error    Unexpected any. Specify a different type               @typescript-eslint/no-explicit-any
  404:34  error    Unexpected any. Specify a different type               @typescript-eslint/no-explicit-any
  404:40  error    Unexpected any. Specify a different type               @typescript-eslint/no-explicit-any
  405:46  error    Unexpected any. Specify a different type               @typescript-eslint/no-explicit-any
  406:21  error    Unexpected any. Specify a different type               @typescript-eslint/no-explicit-any
  432:44  error    Unexpected any. Specify a different type               @typescript-eslint/no-explicit-any
  440:50  error    Unexpected any. Specify a different type               @typescript-eslint/no-explicit-any

C:\Corporate\ReproSense\src\services\ProductionHardeningNew.ts
   27:27  error  Unexpected any. Specify a different type        @typescript-eslint/no-explicit-any
   73:29  error  Unexpected any. Specify a different type        @typescript-eslint/no-explicit-any
   75:14  error  Unexpected any. Specify a different type        @typescript-eslint/no-explicit-any
  116:30  error  Unexpected any. Specify a different type        @typescript-eslint/no-explicit-any
  119:14  error  Unexpected any. Specify a different type        @typescript-eslint/no-explicit-any
  138:38  error  Unexpected any. Specify a different type        @typescript-eslint/no-explicit-any
  139:29  error  Unexpected any. Specify a different type        @typescript-eslint/no-explicit-any
  140:14  error  Unexpected any. Specify a different type        @typescript-eslint/no-explicit-any
  158:30  error  Unexpected any. Specify a different type        @typescript-eslint/no-explicit-any
  159:14  error  Unexpected any. Specify a different type        @typescript-eslint/no-explicit-any
  195:56  error  Unexpected any. Specify a different type        @typescript-eslint/no-explicit-any
  195:71  error  Unexpected any. Specify a different type        @typescript-eslint/no-explicit-any
  375:11  error  'startTime' is assigned a value but never used  @typescript-eslint/no-unused-vars

C:\Corporate\ReproSense\src\services\ReportGenerator.ts
    7:13  error    'fs' is defined but never used            @typescript-eslint/no-unused-vars
    8:13  error    'path' is defined but never used          @typescript-eslint/no-unused-vars
    9:22  error    'fsAsync' is defined but never used       @typescript-eslint/no-unused-vars
   64:22  error    Unexpected any. Specify a different type  @typescript-eslint/no-explicit-any
   67:26  error    Unexpected any. Specify a different type  @typescript-eslint/no-explicit-any
   75:38  error    Unexpected any. Specify a different type  @typescript-eslint/no-explicit-any
  104:50  error    Unexpected any. Specify a different type  @typescript-eslint/no-explicit-any
  110:26  error    Unexpected any. Specify a different type  @typescript-eslint/no-explicit-any
  121:51  error    Unexpected any. Specify a different type  @typescript-eslint/no-explicit-any
  122:56  error    Unexpected any. Specify a different type  @typescript-eslint/no-explicit-any
  126:33  error    Unexpected any. Specify a different type  @typescript-eslint/no-explicit-any
  127:29  error    Unexpected any. Specify a different type  @typescript-eslint/no-explicit-any
  128:31  error    Unexpected any. Specify a different type  @typescript-eslint/no-explicit-any
  129:28  error    Unexpected any. Specify a different type  @typescript-eslint/no-explicit-any
  134:18  error    Unexpected any. Specify a different type  @typescript-eslint/no-explicit-any
  501:22  warning  Expected { after 'if' condition           curly
  502:22  warning  Expected { after 'if' condition           curly
  503:22  warning  Expected { after 'if' condition           curly
  504:22  warning  Expected { after 'if' condition           curly

C:\Corporate\ReproSense\src\services\RunGraphBuilder.ts
    7:13  error    'crypto' is defined but never used        @typescript-eslint/no-unused-vars
   16:26  error    'GapItem' is defined but never used       @typescript-eslint/no-unused-vars
  198:28  warning  Expected { after 'if' condition           curly
  207:26  error    Unexpected any. Specify a different type  @typescript-eslint/no-explicit-any
  208:26  error    Unexpected any. Specify a different type  @typescript-eslint/no-explicit-any
  210:33  error    Unexpected any. Specify a different type  @typescript-eslint/no-explicit-any
  212:28  error    Unexpected any. Specify a different type  @typescript-eslint/no-explicit-any
  215:36  error    Unexpected any. Specify a different type  @typescript-eslint/no-explicit-any
  228:34  error    Unexpected any. Specify a different type  @typescript-eslint/no-explicit-any
  263:48  error    Unexpected any. Specify a different type  @typescript-eslint/no-explicit-any
  344:51  error    Unexpected any. Specify a different type  @typescript-eslint/no-explicit-any
  393:44  warning  Expected { after 'if' condition           curly
  394:36  warning  Expected { after 'if' condition           curly
  417:46  error    Unnecessary escape character: \-          no-useless-escape
  466:25  error    'gapId' is defined but never used         @typescript-eslint/no-unused-vars

C:\Corporate\ReproSense\src\services\RunIndexService.ts
  257:28  warning  Expected { after 'if' condition           curly
  298:66  error    Unexpected any. Specify a different type  @typescript-eslint/no-explicit-any
  307:53  error    Unexpected any. Specify a different type  @typescript-eslint/no-explicit-any
  315:76  error    Unexpected any. Specify a different type  @typescript-eslint/no-explicit-any
  379:15  warning  Expected { after 'if' condition           curly
  395:24  error    Unexpected any. Specify a different type  @typescript-eslint/no-explicit-any

C:\Corporate\ReproSense\src\services\RunOrchestrator.ts
   27:5   error    'GapItem' is defined but never used       @typescript-eslint/no-unused-vars
   58:51  error    Unexpected any. Specify a different type  @typescript-eslint/no-explicit-any
  198:25  error    Unexpected any. Specify a different type  @typescript-eslint/no-explicit-any
  218:16  error    Unexpected any. Specify a different type  @typescript-eslint/no-explicit-any
  221:19  warning  Expected { after 'if' condition           curly
  245:34  error    Unexpected any. Specify a different type  @typescript-eslint/no-explicit-any
  248:19  warning  Expected { after 'if' condition           curly
  269:19  warning  Expected { after 'if' condition           curly
  282:59  error    Unexpected any. Specify a different type  @typescript-eslint/no-explicit-any
  284:19  warning  Expected { after 'if' condition           curly
  297:25  error    Unexpected any. Specify a different type  @typescript-eslint/no-explicit-any
  307:55  error    Unexpected any. Specify a different type  @typescript-eslint/no-explicit-any
  309:19  warning  Expected { after 'if' condition           curly
  323:19  warning  Expected { after 'if' condition           curly
  337:19  warning  Expected { after 'if' condition           curly
  348:19  warning  Expected { after 'if' condition           curly

C:\Corporate\ReproSense\src\services\RunRepository.ts
    7:13  error  'fs' is defined but never used            @typescript-eslint/no-unused-vars
   10:10  error  'homedir' is defined but never used       @typescript-eslint/no-unused-vars
  141:45  error  Unexpected any. Specify a different type  @typescript-eslint/no-explicit-any
  149:43  error  Unexpected any. Specify a different type  @typescript-eslint/no-explicit-any
  158:47  error  Unexpected any. Specify a different type  @typescript-eslint/no-explicit-any

C:\Corporate\ReproSense\src\services\RunRepositoryNew.ts
    7:13  error  'fs' is defined but never used            @typescript-eslint/no-unused-vars
   10:10  error  'homedir' is defined but never used       @typescript-eslint/no-unused-vars
  144:45  error  Unexpected any. Specify a different type  @typescript-eslint/no-explicit-any
  152:43  error  Unexpected any. Specify a different type  @typescript-eslint/no-explicit-any
  161:47  error  Unexpected any. Specify a different type  @typescript-eslint/no-explicit-any

C:\Corporate\ReproSense\src\services\RunValidatorNew.ts
    7:13   error  'crypto' is defined but never used            @typescript-eslint/no-unused-vars
  181:60   error  Unexpected any. Specify a different type      @typescript-eslint/no-explicit-any
  200:66   error  Unexpected any. Specify a different type      @typescript-eslint/no-explicit-any
  259:66   error  Unexpected any. Specify a different type      @typescript-eslint/no-explicit-any
  259:100  error  Unexpected any. Specify a different type      @typescript-eslint/no-explicit-any
  280:28   error  'testIds' is assigned a value but never used  @typescript-eslint/no-unused-vars
  331:20   error  'path' is defined but never used              @typescript-eslint/no-unused-vars
  331:35   error  Unexpected any. Specify a different type      @typescript-eslint/no-explicit-any
  336:22   error  'path' is defined but never used              @typescript-eslint/no-unused-vars
  341:27   error  Unexpected any. Specify a different type      @typescript-eslint/no-explicit-any

C:\Corporate\ReproSense\src\services\TestExecutor.ts
    9:13  warning  Import name `child_process` must match one of the following formats: camelCase, PascalCase  @typescript-eslint/naming-convention
   96:25  error    Unexpected any. Specify a different type                                                    @typescript-eslint/no-explicit-any
  173:26  warning  Expected { after 'if' condition                                                             curly
  175:39  warning  Expected { after 'if' condition                                                             curly
  176:45  warning  Expected { after 'if' condition                                                             curly
  183:26  warning  Expected { after 'if' condition                                                             curly
  184:39  warning  Expected { after 'if' condition                                                             curly
  191:26  warning  Expected { after 'if' condition                                                             curly
  198:26  warning  Expected { after 'if' condition                                                             curly
  205:26  warning  Expected { after 'if' condition                                                             curly
  212:26  warning  Expected { after 'if' condition                                                             curly
  298:53  error    Unexpected any. Specify a different type                                                    @typescript-eslint/no-explicit-any
  316:50  error    Unexpected any. Specify a different type                                                    @typescript-eslint/no-explicit-any
  333:47  error    Unexpected any. Specify a different type                                                    @typescript-eslint/no-explicit-any
  346:48  error    Unexpected any. Specify a different type                                                    @typescript-eslint/no-explicit-any
  363:49  error    Unexpected any. Specify a different type                                                    @typescript-eslint/no-explicit-any
  380:49  error    Unexpected any. Specify a different type                                                    @typescript-eslint/no-explicit-any
  395:27  error    'framework' is defined but never used                                                       @typescript-eslint/no-unused-vars
  395:53  error    'stdout' is defined but never used                                                          @typescript-eslint/no-unused-vars
  435:9   error    'executionId' is defined but never used                                                     @typescript-eslint/no-unused-vars
  465:9   error    'executionId' is defined but never used                                                     @typescript-eslint/no-unused-vars
  498:45  warning  Expected { after 'if' condition                                                             curly
  499:29  warning  Expected { after 'if' condition                                                             curly
  504:41  warning  Expected { after 'if' condition                                                             curly
  505:40  warning  Expected { after 'if' condition                                                             curly
  506:40  warning  Expected { after 'if' condition                                                             curly
  507:70  warning  Expected { after 'if' condition                                                             curly

C:\Corporate\ReproSense\src\services\analysis\BackendAnalyzer.ts
   87:87  error  Unnecessary escape character: \)  no-useless-escape
  187:50  error  Unnecessary escape character: \"  no-useless-escape
  212:68  error  Unnecessary escape character: \)  no-useless-escape

C:\Corporate\ReproSense\src\services\analysis\ContractGraphEngine.ts
  188:33  warning  Expected { after 'if' condition  curly
  248:60  error    '_' is defined but never used    @typescript-eslint/no-unused-vars

C:\Corporate\ReproSense\src\services\analysis\FrontendAnalyzer.ts
   92:55  error  Unexpected any. Specify a different type  @typescript-eslint/no-explicit-any
  103:55  error  Unexpected any. Specify a different type  @typescript-eslint/no-explicit-any
  127:55  error  Unexpected any. Specify a different type  @typescript-eslint/no-explicit-any
  152:55  error  Unexpected any. Specify a different type  @typescript-eslint/no-explicit-any
  170:52  error  Unexpected any. Specify a different type  @typescript-eslint/no-explicit-any
  177:58  error  Unexpected any. Specify a different type  @typescript-eslint/no-explicit-any

C:\Corporate\ReproSense\src\services\analysis\ImpactAnalysisEngine.ts
   33:38  error    Unexpected any. Specify a different type   @typescript-eslint/no-explicit-any
   35:43  error    Unexpected any. Specify a different type   @typescript-eslint/no-explicit-any
   91:33  warning  Expected { after 'if' condition            curly
  117:38  error    Unexpected any. Specify a different type   @typescript-eslint/no-explicit-any
  132:54  error    'affectedRepos' is defined but never used  @typescript-eslint/no-unused-vars
  137:47  warning  Expected { after 'if' condition            curly
  169:5   error    'changePoint' is defined but never used    @typescript-eslint/no-unused-vars
  173:25  warning  Expected { after 'if' condition            curly
  177:31  warning  Expected { after 'if' condition            curly
  178:30  warning  Expected { after 'if' condition            curly
  189:44  error    Unexpected any. Specify a different type   @typescript-eslint/no-explicit-any
  190:36  error    Unexpected any. Specify a different type   @typescript-eslint/no-explicit-any
  209:33  warning  Expected { after 'if' condition            curly

C:\Corporate\ReproSense\src\services\analysis\QualityGateEngine.ts
   55:18  error    Unexpected any. Specify a different type  @typescript-eslint/no-explicit-any
  134:35  error    Unexpected any. Specify a different type  @typescript-eslint/no-explicit-any
  135:28  warning  Expected { after 'if' condition           curly
  144:44  error    Unexpected any. Specify a different type  @typescript-eslint/no-explicit-any
  145:28  warning  Expected { after 'if' condition           curly
  154:39  error    Unexpected any. Specify a different type  @typescript-eslint/no-explicit-any

C:\Corporate\ReproSense\src\services\analysis\TestCoverageAnalyzer.ts
   69:57  error    Unexpected any. Specify a different type  @typescript-eslint/no-explicit-any
  162:37  warning  Expected { after 'if' condition           curly
  197:34  warning  Expected { after 'if' condition           curly
  198:56  warning  Expected { after 'if' condition           curly
  242:48  error    'filePath' is defined but never used      @typescript-eslint/no-unused-vars
  265:48  error    'filePath' is defined but never used      @typescript-eslint/no-unused-vars
  269:54  error    'filePath' is defined but never used      @typescript-eslint/no-unused-vars
  291:54  error    'filePath' is defined but never used      @typescript-eslint/no-unused-vars
  295:51  error    'filePath' is defined but never used      @typescript-eslint/no-unused-vars
  317:51  error    'filePath' is defined but never used      @typescript-eslint/no-unused-vars
  321:49  error    'filePath' is defined but never used      @typescript-eslint/no-unused-vars
  343:49  error    'filePath' is defined but never used      @typescript-eslint/no-unused-vars

C:\Corporate\ReproSense\src\services\apply\RollbackService.ts
  304:30  error  Require statement not part of import statement  @typescript-eslint/no-var-requires
  337:70  error  Unexpected any. Specify a different type        @typescript-eslint/no-explicit-any

C:\Corporate\ReproSense\src\services\apply\SafeApplyEngine.ts
    6:24  error  'SafeAction' is defined but never used    @typescript-eslint/no-unused-vars
  360:70  error  Unexpected any. Specify a different type  @typescript-eslint/no-explicit-any

C:\Corporate\ReproSense\src\services\compliance\AttestationEngine.ts
   52:15  error  Unexpected any. Specify a different type  @typescript-eslint/no-explicit-any
  122:28  error  Unexpected any. Specify a different type  @typescript-eslint/no-explicit-any
  122:49  error  Unexpected any. Specify a different type  @typescript-eslint/no-explicit-any
  126:42  error  Unexpected any. Specify a different type  @typescript-eslint/no-explicit-any
  135:50  error  Unexpected any. Specify a different type  @typescript-eslint/no-explicit-any
  144:43  error  Unexpected any. Specify a different type  @typescript-eslint/no-explicit-any

C:\Corporate\ReproSense\src\services\compliance\ComplianceMapper.ts
  278:19  warning  Expected { after 'if' condition  curly
  290:19  warning  Expected { after 'if' condition  curly

C:\Corporate\ReproSense\src\services\compliance\ReportExporter.ts
   87:29  error  Unexpected any. Specify a different type            @typescript-eslint/no-explicit-any
   97:45  error  Unexpected any. Specify a different type            @typescript-eslint/no-explicit-any
   98:41  error  Unexpected any. Specify a different type            @typescript-eslint/no-explicit-any
   99:43  error  Unexpected any. Specify a different type            @typescript-eslint/no-explicit-any
  100:40  error  Unexpected any. Specify a different type            @typescript-eslint/no-explicit-any
  121:32  error  Unexpected any. Specify a different type            @typescript-eslint/no-explicit-any
  164:23  error  Unexpected any. Specify a different type            @typescript-eslint/no-explicit-any
  197:42  error  Unexpected any. Specify a different type            @typescript-eslint/no-explicit-any
  198:9   error  'summary' is never reassigned. Use 'const' instead  prefer-const
  215:47  error  Unexpected any. Specify a different type            @typescript-eslint/no-explicit-any
  216:47  error  Unexpected any. Specify a different type            @typescript-eslint/no-explicit-any
  217:47  error  Unexpected any. Specify a different type            @typescript-eslint/no-explicit-any
  218:47  error  Unexpected any. Specify a different type            @typescript-eslint/no-explicit-any
  226:25  error  Unexpected any. Specify a different type            @typescript-eslint/no-explicit-any
  231:25  error  Unexpected any. Specify a different type            @typescript-eslint/no-explicit-any

C:\Corporate\ReproSense\src\services\evidence\EvidenceIndexService.ts
  33:29  error  Unexpected any. Specify a different type  @typescript-eslint/no-explicit-any
  96:31  error  Unexpected any. Specify a different type  @typescript-eslint/no-explicit-any

C:\Corporate\ReproSense\src\services\evidence\ExportService.ts
    2:13   error  'fs' is defined but never used                  @typescript-eslint/no-unused-vars
   37:29   error  Unexpected any. Specify a different type        @typescript-eslint/no-explicit-any
   38:35   error  Unexpected any. Specify a different type        @typescript-eslint/no-explicit-any
  168:71   error  Unexpected any. Specify a different type        @typescript-eslint/no-explicit-any
  168:107  error  Unexpected any. Specify a different type        @typescript-eslint/no-explicit-any
  178:73   error  Unexpected any. Specify a different type        @typescript-eslint/no-explicit-any
  188:45   error  Unexpected any. Specify a different type        @typescript-eslint/no-explicit-any
  189:64   error  Unexpected any. Specify a different type        @typescript-eslint/no-explicit-any
  405:76   error  Unexpected any. Specify a different type        @typescript-eslint/no-explicit-any
  415:50   error  Unexpected any. Specify a different type        @typescript-eslint/no-explicit-any
  417:46   error  Unexpected any. Specify a different type        @typescript-eslint/no-explicit-any
  431:49   error  Unexpected any. Specify a different type        @typescript-eslint/no-explicit-any
  469:24   error  'data' is defined but never used                @typescript-eslint/no-unused-vars
  469:45   error  Unexpected any. Specify a different type        @typescript-eslint/no-explicit-any
  492:42   error  Unexpected any. Specify a different type        @typescript-eslint/no-explicit-any
  492:63   error  Unexpected any. Specify a different type        @typescript-eslint/no-explicit-any
  505:20   error  Require statement not part of import statement  @typescript-eslint/no-var-requires

C:\Corporate\ReproSense\src\services\execution\ExecutionController.ts
  129:23  error  Unexpected any. Specify a different type  @typescript-eslint/no-explicit-any
  277:5   error  'config' is defined but never used        @typescript-eslint/no-unused-vars
  301:16  error  Unnecessary escape character: \/          no-useless-escape

C:\Corporate\ReproSense\src\services\execution\ExecutionEvidenceService.ts
  104:27  error  Unexpected any. Specify a different type        @typescript-eslint/no-explicit-any
  166:59  error  Unexpected any. Specify a different type        @typescript-eslint/no-explicit-any
  264:29  error  Unexpected any. Specify a different type        @typescript-eslint/no-explicit-any
  275:64  error  Unexpected any. Specify a different type        @typescript-eslint/no-explicit-any
  387:18  error  Require statement not part of import statement  @typescript-eslint/no-var-requires
  399:18  error  Require statement not part of import statement  @typescript-eslint/no-var-requires

C:\Corporate\ReproSense\src\services\generation\TestPreviewService.ts
    5:10  error  'RepoSenseError' is defined but never used  @typescript-eslint/no-unused-vars
   44:28  error  Unexpected any. Specify a different type    @typescript-eslint/no-explicit-any
  276:88  error  Unexpected any. Specify a different type    @typescript-eslint/no-explicit-any

C:\Corporate\ReproSense\src\services\health\ErrorFactory.ts
  55:31  error  Unexpected any. Specify a different type  @typescript-eslint/no-explicit-any

C:\Corporate\ReproSense\src\services\health\RunHealthService.ts
  11:10  error  'RepoSenseError' is defined but never used  @typescript-eslint/no-unused-vars
  11:26  error  'ErrorCodes' is defined but never used      @typescript-eslint/no-unused-vars
  12:10  error  'ErrorFactory' is defined but never used    @typescript-eslint/no-unused-vars

C:\Corporate\ReproSense\src\services\health\SafeArtifactIO.ts
  40:49  error  Unexpected any. Specify a different type  @typescript-eslint/no-explicit-any

C:\Corporate\ReproSense\src\services\llm\ArchitectureDiagramGenerator.ts
   74:15  error  'diagOptions' is assigned a value but never used  @typescript-eslint/no-unused-vars
  210:15  error  'nodes' is assigned a value but never used        @typescript-eslint/no-unused-vars
  238:49  error  'level' is defined but never used                 @typescript-eslint/no-unused-vars
  268:59  error  'edges' is defined but never used                 @typescript-eslint/no-unused-vars
  268:81  error  'gaps' is defined but never used                  @typescript-eslint/no-unused-vars

C:\Corporate\ReproSense\src\services\llm\OllamaService.ts
  143:34  error  'token' is defined but never used         @typescript-eslint/no-unused-vars
  204:25  error  Unexpected any. Specify a different type  @typescript-eslint/no-explicit-any
  351:15  error  Unexpected any. Specify a different type  @typescript-eslint/no-explicit-any
  352:18  error  Unexpected any. Specify a different type  @typescript-eslint/no-explicit-any
  365:28  error  Unexpected any. Specify a different type  @typescript-eslint/no-explicit-any

C:\Corporate\ReproSense\src\services\llm\RemediationEngine.ts
   94:9   error    'code' is defined but never used      @typescript-eslint/no-unused-vars
   95:9   error    'language' is defined but never used  @typescript-eslint/no-unused-vars
  297:75  warning  Expected { after 'if' condition       curly
  299:47  warning  Expected { after 'if' condition       curly
  300:45  warning  Expected { after 'if' condition       curly
  319:46  error    'filePath' is defined but never used  @typescript-eslint/no-unused-vars
  338:30  warning  Expected { after 'if' condition       curly
  339:30  warning  Expected { after 'if' condition       curly
  340:31  warning  Expected { after 'if' condition       curly
  345:35  warning  Expected { after 'if' condition       curly

C:\Corporate\ReproSense\src\services\llm\ReportGenerator.ts
    4:10  error    'DiagramLevel' is defined but never used  @typescript-eslint/no-unused-vars
   60:47  error    'summary' is defined but never used       @typescript-eslint/no-unused-vars
   67:46  warning  Expected { after 'if' condition           curly
   68:42  warning  Expected { after 'if' condition           curly
   69:44  warning  Expected { after 'if' condition           curly
  127:60  error    'summary' is defined but never used       @typescript-eslint/no-unused-vars

C:\Corporate\ReproSense\src\services\llm\TestGenerationService.ts
  201:15  error    'systemPrompt' is assigned a value but never used  @typescript-eslint/no-unused-vars
  209:15  error    'prompt' is assigned a value but never used        @typescript-eslint/no-unused-vars
  237:27  error    Unnecessary escape character: \[                   no-useless-escape
  302:24  warning  Expected { after 'if' condition                    curly
  303:29  warning  Expected { after 'if' condition                    curly
  304:24  warning  Expected { after 'if' condition                    curly

C:\Corporate\ReproSense\src\services\llm\TestGenerator.ts
   21:45  error    Unexpected any. Specify a different type  @typescript-eslint/no-explicit-any
   57:42  error    Unexpected any. Specify a different type  @typescript-eslint/no-explicit-any
  199:29  error    'filePath' is defined but never used      @typescript-eslint/no-unused-vars
  234:35  error    Unexpected any. Specify a different type  @typescript-eslint/no-explicit-any
  241:61  warning  Expected { after 'if' condition           curly
  242:36  warning  Expected { after 'if' condition           curly
  246:42  error    Unexpected any. Specify a different type  @typescript-eslint/no-explicit-any
  253:47  error    Unexpected any. Specify a different type  @typescript-eslint/no-explicit-any
  267:35  error    Unexpected any. Specify a different type  @typescript-eslint/no-explicit-any
  267:58  error    Unexpected any. Specify a different type  @typescript-eslint/no-explicit-any
  268:39  error    Unexpected any. Specify a different type  @typescript-eslint/no-explicit-any

C:\Corporate\ReproSense\src\services\orchestration\MultiRepoOrchestrator.ts
   95:21  error  Unexpected any. Specify a different type  @typescript-eslint/no-explicit-any
  147:66  error  Unexpected any. Specify a different type  @typescript-eslint/no-explicit-any
  184:44  error  Unexpected any. Specify a different type  @typescript-eslint/no-explicit-any
  186:34  error  Unexpected any. Specify a different type  @typescript-eslint/no-explicit-any
  211:31  error  Unexpected any. Specify a different type  @typescript-eslint/no-explicit-any
  223:10  error  Unexpected any. Specify a different type  @typescript-eslint/no-explicit-any
  243:38  error  Unexpected any. Specify a different type  @typescript-eslint/no-explicit-any

C:\Corporate\ReproSense\src\services\run\ArtifactWriter.ts
  12:24  error  'Graph' is defined but never used               @typescript-eslint/no-unused-vars
  13:25  error  'Report' is defined but never used              @typescript-eslint/no-unused-vars
  14:26  error  'DiagramsIndex' is defined but never used       @typescript-eslint/no-unused-vars
  75:20  error  Require statement not part of import statement  @typescript-eslint/no-var-requires

C:\Corporate\ReproSense\src\services\run\ChatOrchestrator.ts
  64:45  error  'sessionId' is defined but never used  @typescript-eslint/no-unused-vars

C:\Corporate\ReproSense\src\services\run\DeltaEngine.ts
  8:13  error  'crypto' is defined but never used  @typescript-eslint/no-unused-vars

C:\Corporate\ReproSense\src\services\run\DiagramBuilder.ts
  76:13  error  'color' is assigned a value but never used  @typescript-eslint/no-unused-vars
  84:13  error  'color' is assigned a value but never used  @typescript-eslint/no-unused-vars

C:\Corporate\ReproSense\src\services\run\GraphBuilder.ts
  65:11  error  'endpointMap' is assigned a value but never used  @typescript-eslint/no-unused-vars
  66:11  error  'callMap' is assigned a value but never used      @typescript-eslint/no-unused-vars

C:\Corporate\ReproSense\src\services\run\RunContextService.ts
  182:17  warning  Expected { after 'if' condition  curly

C:\Corporate\ReproSense\src\services\run\RunStorage.ts
  12:7   error  'writeFile' is assigned a value but never used  @typescript-eslint/no-unused-vars
  13:7   error  'mkdir' is assigned a value but never used      @typescript-eslint/no-unused-vars
  14:7   error  'unlink' is assigned a value but never used     @typescript-eslint/no-unused-vars
  15:7   error  'rename' is assigned a value but never used     @typescript-eslint/no-unused-vars
  85:43  error  Unexpected any. Specify a different type        @typescript-eslint/no-explicit-any

C:\Corporate\ReproSense\src\services\security\ErrorBoundary.ts
   80:33  error  'RSError' is assigned a value but never used    @typescript-eslint/no-unused-vars
   80:59  error  Require statement not part of import statement  @typescript-eslint/no-var-requires
   85:34  error  Require statement not part of import statement  @typescript-eslint/no-var-requires
   90:32  error  Require statement not part of import statement  @typescript-eslint/no-var-requires
   95:30  error  Require statement not part of import statement  @typescript-eslint/no-var-requires
  104:5   error  'options' is defined but never used             @typescript-eslint/no-unused-vars
  136:5   error  'options' is defined but never used             @typescript-eslint/no-unused-vars

C:\Corporate\ReproSense\src\services\security\ErrorFactory.ts
  8:26  error  'ErrorSeverity' is defined but never used  @typescript-eslint/no-unused-vars

C:\Corporate\ReproSense\src\services\security\Redactor.ts
  18:39  error  Unnecessary escape character: \"  no-useless-escape
  36:43  error  Unnecessary escape character: \"  no-useless-escape
  54:41  error  Unnecessary escape character: \"  no-useless-escape
  60:36  error  Unnecessary escape character: \"  no-useless-escape
  66:45  error  Unnecessary escape character: \/  no-useless-escape
  66:47  error  Unnecessary escape character: \/  no-useless-escape
  72:61  error  Unnecessary escape character: \"  no-useless-escape

C:\Corporate\ReproSense\src\services\security\SafeArtifactIO.ts
  11:26  error  'ErrorCodes' is defined but never used  @typescript-eslint/no-unused-vars

C:\Corporate\ReproSense\src\test\e2e\regression.e2e.test.ts
   33:19  error    Unexpected any. Specify a different type      @typescript-eslint/no-explicit-any
   48:10  error    'cleanupGenerated' is defined but never used  @typescript-eslint/no-unused-vars
  411:34  warning  Expected { after 'if' condition               curly

C:\Corporate\ReproSense\src\test\e2e\sample-projects.e2e.test.ts
  271:19  error  'linesOfCode' is assigned a value but never used  @typescript-eslint/no-unused-vars

C:\Corporate\ReproSense\src\test\fixtures\FixtureSuite.ts
   28:20  error  Unexpected any. Specify a different type       @typescript-eslint/no-explicit-any
   53:50  error  Unexpected any. Specify a different type       @typescript-eslint/no-explicit-any
   63:56  error  Unexpected any. Specify a different type       @typescript-eslint/no-explicit-any
   79:54  error  Unexpected any. Specify a different type       @typescript-eslint/no-explicit-any
   80:60  error  Unexpected any. Specify a different type       @typescript-eslint/no-explicit-any
  110:15  error  'variants' is assigned a value but never used  @typescript-eslint/no-unused-vars
  113:25  error  Unexpected any. Specify a different type       @typescript-eslint/no-explicit-any
  114:22  error  Unexpected any. Specify a different type       @typescript-eslint/no-explicit-any
  126:15  error  Unexpected any. Specify a different type       @typescript-eslint/no-explicit-any
  136:54  error  Unexpected any. Specify a different type       @typescript-eslint/no-explicit-any
  167:15  error  Unexpected any. Specify a different type       @typescript-eslint/no-explicit-any
  178:53  error  Unexpected any. Specify a different type       @typescript-eslint/no-explicit-any
  187:46  error  Unexpected any. Specify a different type       @typescript-eslint/no-explicit-any
  204:16  error  Unexpected any. Specify a different type       @typescript-eslint/no-explicit-any
  206:15  error  Unexpected any. Specify a different type       @typescript-eslint/no-explicit-any
  248:57  error  Unexpected any. Specify a different type       @typescript-eslint/no-explicit-any
  249:39  error  Unexpected any. Specify a different type       @typescript-eslint/no-explicit-any
  269:42  error  Unexpected any. Specify a different type       @typescript-eslint/no-explicit-any

C:\Corporate\ReproSense\src\test\integration\sprint-14.verification.test.ts
   15:13  error  'fs' is defined but never used                             @typescript-eslint/no-unused-vars
   48:16  error  'file' is assigned a value but never used                  @typescript-eslint/no-unused-vars
   58:19  error  Unexpected any. Specify a different type                   @typescript-eslint/no-explicit-any
   96:11  error  'modifiedFiles' is assigned a value but never used         @typescript-eslint/no-unused-vars
  131:9   error  'consentGranted' is never reassigned. Use 'const' instead  prefer-const
  132:11  error  'confirmationPhrase' is assigned a value but never used    @typescript-eslint/no-unused-vars
  139:19  error  Unexpected any. Specify a different type                   @typescript-eslint/no-explicit-any
  174:11  error  'allowedCommand' is assigned a value but never used        @typescript-eslint/no-unused-vars

C:\Corporate\ReproSense\src\test\integration\sprint-9.verification.test.ts
    9:25  error  'simpleRestFixture' is defined but never used       @typescript-eslint/no-unused-vars
    9:44  error  'dynamicParamsFixture' is defined but never used    @typescript-eslint/no-unused-vars
    9:66  error  'mixedPatternsFixture' is defined but never used    @typescript-eslint/no-unused-vars
   12:7   error  'validator' is defined but never used               @typescript-eslint/no-unused-vars
   13:7   error  'fixtureRunner' is assigned a value but never used  @typescript-eslint/no-unused-vars
  201:15  error  'endpoints' is assigned a value but never used      @typescript-eslint/no-unused-vars

C:\Corporate\ReproSense\src\test\integration\sprints-1-3.integration.test.ts
  292:16  error  Unexpected any. Specify a different type  @typescript-eslint/no-explicit-any

C:\Corporate\ReproSense\src\test\integration\sprints-7-8.integration.test.ts
   55:19  error    Unexpected any. Specify a different type      @typescript-eslint/no-explicit-any
   86:27  warning  Expected { after 'if' condition               curly
   90:38  error    Unexpected any. Specify a different type      @typescript-eslint/no-explicit-any
  105:30  error    Unexpected any. Specify a different type      @typescript-eslint/no-explicit-any
  119:11  error    'result2' is assigned a value but never used  @typescript-eslint/no-unused-vars
  187:25  warning  Expected { after 'if' condition               curly
  349:11  error    'checks' is assigned a value but never used   @typescript-eslint/no-unused-vars

C:\Corporate\ReproSense\src\test\integration\workflow.integration.test.ts
  101:41  error  Unexpected any. Specify a different type  @typescript-eslint/no-explicit-any

C:\Corporate\ReproSense\src\test\runners\sprint-14.runner.ts
  105:21  error    Unexpected any. Specify a different type            @typescript-eslint/no-explicit-any
  123:11  error    'testName' is assigned a value but never used       @typescript-eslint/no-unused-vars
  127:27  warning  Expected { after 'if' condition                     curly
  136:29  warning  Expected { after 'if' condition                     curly
  141:22  warning  Expected { after 'if' condition                     curly
  150:26  warning  Expected { after 'if' condition                     curly
  158:11  error    'testName' is assigned a value but never used       @typescript-eslint/no-unused-vars
  178:31  warning  Expected { after 'if' condition                     curly
  179:38  warning  Expected { after 'if' condition                     curly
  205:11  error    'testName' is assigned a value but never used       @typescript-eslint/no-unused-vars
  239:11  error    'testName' is assigned a value but never used       @typescript-eslint/no-unused-vars
  253:11  error    'fixedTemplate' is assigned a value but never used  @typescript-eslint/no-unused-vars
  285:11  error    'testName' is assigned a value but never used       @typescript-eslint/no-unused-vars
  316:31  warning  Expected { after 'if' condition                     curly
  317:50  warning  Expected { after 'if' condition                     curly
  321:32  warning  Expected { after 'if' condition                     curly
  322:54  warning  Expected { after 'if' condition                     curly
  323:36  warning  Expected { after 'if' condition                     curly

C:\Corporate\ReproSense\src\test\suite\services\ArchitectureDiagramGenerator.test.ts
  304:47  error  Unnecessary escape character: \-  no-useless-escape

C:\Corporate\ReproSense\src\test\suite\services\OllamaService.test.ts
  112:29  error  Unexpected any. Specify a different type  @typescript-eslint/no-explicit-any
  149:59  error  Unexpected any. Specify a different type  @typescript-eslint/no-explicit-any
  188:59  error  Unexpected any. Specify a different type  @typescript-eslint/no-explicit-any

C:\Corporate\ReproSense\src\test\suite\services\RemediationEngine.test.ts
  14:72  error  Unexpected any. Specify a different type  @typescript-eslint/no-explicit-any

C:\Corporate\ReproSense\src\test\suite\services\ReportGenerator.test.ts
  14:68  error  Unexpected any. Specify a different type  @typescript-eslint/no-explicit-any

C:\Corporate\ReproSense\src\test\suite\services\TestGenerator.test.ts
  14:64  error  Unexpected any. Specify a different type  @typescript-eslint/no-explicit-any

C:\Corporate\ReproSense\src\utils\BatchProcessor.ts
   31:30  warning  Expected { after 'if' condition           curly
   50:57  warning  Expected { after 'if' condition           curly
  111:21  error    Unexpected any. Specify a different type  @typescript-eslint/no-explicit-any
  184:21  error    Unexpected any. Specify a different type  @typescript-eslint/no-explicit-any

C:\Corporate\ReproSense\src\utils\ErrorHandler.ts
   26:51  error  Unexpected any. Specify a different type  @typescript-eslint/no-explicit-any
  152:37  error  Unexpected any. Specify a different type  @typescript-eslint/no-explicit-any
  182:37  error  Unexpected any. Specify a different type  @typescript-eslint/no-explicit-any
  191:37  error  Unexpected any. Specify a different type  @typescript-eslint/no-explicit-any
  271:39  error  Unexpected any. Specify a different type  @typescript-eslint/no-explicit-any
  293:37  error  Unexpected any. Specify a different type  @typescript-eslint/no-explicit-any

C:\Corporate\ReproSense\src\utils\IncrementalAnalyzer.ts
   72:22  warning  Expected { after 'if' condition           curly
  146:11  error    Unexpected any. Specify a different type  @typescript-eslint/no-explicit-any

C:\Corporate\ReproSense\src\utils\PerformanceMonitor.ts
    1:13  error    'vscode' is defined but never used        @typescript-eslint/no-unused-vars
   18:68  error    Unexpected any. Specify a different type  @typescript-eslint/no-explicit-any
  163:36  warning  Expected { after 'if' condition           curly
  207:30  error    Unexpected any. Specify a different type  @typescript-eslint/no-explicit-any
  215:30  error    Unexpected any. Specify a different type  @typescript-eslint/no-explicit-any
  247:31  error    Unexpected any. Specify a different type  @typescript-eslint/no-explicit-any
  257:33  error    Unexpected any. Specify a different type  @typescript-eslint/no-explicit-any

Γ£û 631 problems (504 errors, 127 warnings)
  2 errors and 126 warnings potentially fixable with the `--fix` option.

